Copyright 1986-2018 Xilinx, Inc. All Rights Reserved.
------------------------------------------------------------------------------------
| Tool Version : Vivado v.2018.3 (win64) Build 2405991 Thu Dec  6 23:38:27 MST 2018
| Date         : Fri Feb 14 11:06:53 2025
| Host         : SKY-20200103SKM running 64-bit major release  (build 9200)
| Command      : upgrade_ip
| Device       : xc7a100tcsg324-1
------------------------------------------------------------------------------------

Upgrade Log for IP 'design_1_mask_axi532_0_1'

1. Summary
----------

SUCCESS in the conversion of design_1_mask_axi532_0_1 (xilinx.com:user:mask_axi532:1.0 (Rev. 2)) to Vivado generation flows.






Copyright 1986-2018 Xilinx, Inc. All Rights Reserved.
------------------------------------------------------------------------------------
| Tool Version : Vivado v.2018.3 (win64) Build 2405991 Thu Dec  6 23:38:27 MST 2018
| Date         : Thu Feb 13 12:28:40 2025
| Host         : SKY-20200103SKM running 64-bit major release  (build 9200)
| Command      : upgrade_ip
| Device       : xc7a100tcsg324-1
------------------------------------------------------------------------------------

Upgrade Log for IP 'design_1_mask_axi532_0_1'

1. Summary
----------

SUCCESS in the conversion of design_1_mask_axi532_0_1 (xilinx.com:user:mask_axi532:1.0 (Rev. 2)) to Vivado generation flows.






Copyright 1986-2018 Xilinx, Inc. All Rights Reserved.
------------------------------------------------------------------------------------
| Tool Version : Vivado v.2018.3 (win64) Build 2405991 Thu Dec  6 23:38:27 MST 2018
| Date         : Thu Feb 13 11:47:18 2025
| Host         : SKY-20200103SKM running 64-bit major release  (build 9200)
| Command      : upgrade_ip
| Device       : xc7a100tcsg324-1
------------------------------------------------------------------------------------

Upgrade Log for IP 'design_1_mask_axi532_0_1'

1. Summary
----------

SUCCESS in the conversion of design_1_mask_axi532_0_1 (xilinx.com:user:mask_axi532:1.0 (Rev. 2)) to Vivado generation flows.






Copyright 1986-2018 Xilinx, Inc. All Rights Reserved.
------------------------------------------------------------------------------------
| Tool Version : Vivado v.2018.3 (win64) Build 2405991 Thu Dec  6 23:38:27 MST 2018
| Date         : Thu Feb 13 11:43:35 2025
| Host         : SKY-20200103SKM running 64-bit major release  (build 9200)
| Command      : upgrade_ip
| Device       : xc7a100tcsg324-1
------------------------------------------------------------------------------------

Upgrade Log for IP 'design_1_mask_axi532_0_1'

1. Summary
----------

SUCCESS in the conversion of design_1_mask_axi532_0_1 (xilinx.com:user:mask_axi532:1.0 (Rev. 2)) to Vivado generation flows.

