
*** Running vivado
    with args -log design_1_axi_vip_1_0.vds -m64 -product Vivado -mode batch -messageDb vivado.pb -notrace -source design_1_axi_vip_1_0.tcl


****** Vivado v2018.3 (64-bit)
  **** SW Build 2405991 on Thu Dec  6 23:38:27 MST 2018
  **** IP Build 2404404 on Fri Dec  7 01:43:56 MST 2018
    ** Copyright 1986-2018 Xilinx, Inc. All Rights Reserved.

source design_1_axi_vip_1_0.tcl -notrace
INFO: [IP_Flow 19-234] Refreshing IP repositories
INFO: [IP_Flow 19-1700] Loaded user IP repository 'c:/Users/Administrator/Desktop/532proj1'.
WARNING: [IP_Flow 19-3656] If you move the project, the path for repository 'c:/Users/Administrator/Desktop/532proj1' may become invalid. A better location for the repository would be in a path adjacent to the project. (Current project location is 'c:/Users/Administrator/Desktop/532proj1/part3/proj/proj_p3.runs/design_1_axi_vip_1_0_synth_1'.)
INFO: [IP_Flow 19-2313] Loaded Vivado IP repository 'F:/Vivado/2018.3/data/ip'.
Command: synth_design -top design_1_axi_vip_1_0 -part xc7a100tcsg324-1 -mode out_of_context
Starting synth_design
Attempting to get a license for feature 'Synthesis' and/or device 'xc7a100t'
INFO: [Common 17-349] Got license for feature 'Synthesis' and/or device 'xc7a100t'
INFO: Launching helper process for spawning children vivado processes
INFO: Helper process launched with PID 12596 
---------------------------------------------------------------------------------
Starting RTL Elaboration : Time (s): cpu = 00:00:02 ; elapsed = 00:00:05 . Memory (MB): peak = 495.746 ; gain = 101.055
---------------------------------------------------------------------------------
INFO: [Synth 8-6157] synthesizing module 'design_1_axi_vip_1_0' [c:/Users/Administrator/Desktop/532proj1/part3/proj/proj_p3.srcs/sources_1/bd/design_1/ip/design_1_axi_vip_1_0/synth/design_1_axi_vip_1_0.sv:58]
INFO: [Synth 8-6157] synthesizing module 'axi_vip_v1_1_4_top' [c:/Users/Administrator/Desktop/532proj1/part3/proj/proj_p3.srcs/sources_1/bd/design_1/ipshared/98af/hdl/axi_vip_v1_1_vlsyn_rfs.sv:61]
	Parameter C_AXI_PROTOCOL bound to: 2 - type: integer 
	Parameter C_AXI_INTERFACE_MODE bound to: 0 - type: integer 
	Parameter C_AXI_ADDR_WIDTH bound to: 32 - type: integer 
	Parameter C_AXI_WDATA_WIDTH bound to: 32 - type: integer 
	Parameter C_AXI_RDATA_WIDTH bound to: 32 - type: integer 
	Parameter C_AXI_WID_WIDTH bound to: 0 - type: integer 
	Parameter C_AXI_RID_WIDTH bound to: 0 - type: integer 
	Parameter C_AXI_AWUSER_WIDTH bound to: 0 - type: integer 
	Parameter C_AXI_ARUSER_WIDTH bound to: 0 - type: integer 
	Parameter C_AXI_WUSER_WIDTH bound to: 0 - type: integer 
	Parameter C_AXI_RUSER_WIDTH bound to: 0 - type: integer 
	Parameter C_AXI_BUSER_WIDTH bound to: 0 - type: integer 
	Parameter C_AXI_SUPPORTS_NARROW bound to: 0 - type: integer 
	Parameter C_AXI_HAS_BURST bound to: 0 - type: integer 
	Parameter C_AXI_HAS_LOCK bound to: 0 - type: integer 
	Parameter C_AXI_HAS_CACHE bound to: 0 - type: integer 
	Parameter C_AXI_HAS_REGION bound to: 0 - type: integer 
	Parameter C_AXI_HAS_PROT bound to: 1 - type: integer 
	Parameter C_AXI_HAS_QOS bound to: 0 - type: integer 
	Parameter C_AXI_HAS_WSTRB bound to: 1 - type: integer 
	Parameter C_AXI_HAS_BRESP bound to: 1 - type: integer 
	Parameter C_AXI_HAS_RRESP bound to: 1 - type: integer 
	Parameter C_AXI_HAS_ARESETN bound to: 1 - type: integer 
INFO: [Synth 8-6155] done synthesizing module 'axi_vip_v1_1_4_top' (1#1) [c:/Users/Administrator/Desktop/532proj1/part3/proj/proj_p3.srcs/sources_1/bd/design_1/ipshared/98af/hdl/axi_vip_v1_1_vlsyn_rfs.sv:61]
INFO: [Synth 8-6155] done synthesizing module 'design_1_axi_vip_1_0' (2#1) [c:/Users/Administrator/Desktop/532proj1/part3/proj/proj_p3.srcs/sources_1/bd/design_1/ip/design_1_axi_vip_1_0/synth/design_1_axi_vip_1_0.sv:58]
WARNING: [Synth 8-3331] design axi_vip_v1_1_4_top has unconnected port aclk
WARNING: [Synth 8-3331] design axi_vip_v1_1_4_top has unconnected port aclken
WARNING: [Synth 8-3331] design axi_vip_v1_1_4_top has unconnected port aresetn
WARNING: [Synth 8-3331] design axi_vip_v1_1_4_top has unconnected port s_axi_awid[0]
WARNING: [Synth 8-3331] design axi_vip_v1_1_4_top has unconnected port s_axi_awaddr[31]
WARNING: [Synth 8-3331] design axi_vip_v1_1_4_top has unconnected port s_axi_awaddr[30]
WARNING: [Synth 8-3331] design axi_vip_v1_1_4_top has unconnected port s_axi_awaddr[29]
WARNING: [Synth 8-3331] design axi_vip_v1_1_4_top has unconnected port s_axi_awaddr[28]
WARNING: [Synth 8-3331] design axi_vip_v1_1_4_top has unconnected port s_axi_awaddr[27]
WARNING: [Synth 8-3331] design axi_vip_v1_1_4_top has unconnected port s_axi_awaddr[26]
WARNING: [Synth 8-3331] design axi_vip_v1_1_4_top has unconnected port s_axi_awaddr[25]
WARNING: [Synth 8-3331] design axi_vip_v1_1_4_top has unconnected port s_axi_awaddr[24]
WARNING: [Synth 8-3331] design axi_vip_v1_1_4_top has unconnected port s_axi_awaddr[23]
WARNING: [Synth 8-3331] design axi_vip_v1_1_4_top has unconnected port s_axi_awaddr[22]
WARNING: [Synth 8-3331] design axi_vip_v1_1_4_top has unconnected port s_axi_awaddr[21]
WARNING: [Synth 8-3331] design axi_vip_v1_1_4_top has unconnected port s_axi_awaddr[20]
WARNING: [Synth 8-3331] design axi_vip_v1_1_4_top has unconnected port s_axi_awaddr[19]
WARNING: [Synth 8-3331] design axi_vip_v1_1_4_top has unconnected port s_axi_awaddr[18]
WARNING: [Synth 8-3331] design axi_vip_v1_1_4_top has unconnected port s_axi_awaddr[17]
WARNING: [Synth 8-3331] design axi_vip_v1_1_4_top has unconnected port s_axi_awaddr[16]
WARNING: [Synth 8-3331] design axi_vip_v1_1_4_top has unconnected port s_axi_awaddr[15]
WARNING: [Synth 8-3331] design axi_vip_v1_1_4_top has unconnected port s_axi_awaddr[14]
WARNING: [Synth 8-3331] design axi_vip_v1_1_4_top has unconnected port s_axi_awaddr[13]
WARNING: [Synth 8-3331] design axi_vip_v1_1_4_top has unconnected port s_axi_awaddr[12]
WARNING: [Synth 8-3331] design axi_vip_v1_1_4_top has unconnected port s_axi_awaddr[11]
WARNING: [Synth 8-3331] design axi_vip_v1_1_4_top has unconnected port s_axi_awaddr[10]
WARNING: [Synth 8-3331] design axi_vip_v1_1_4_top has unconnected port s_axi_awaddr[9]
WARNING: [Synth 8-3331] design axi_vip_v1_1_4_top has unconnected port s_axi_awaddr[8]
WARNING: [Synth 8-3331] design axi_vip_v1_1_4_top has unconnected port s_axi_awaddr[7]
WARNING: [Synth 8-3331] design axi_vip_v1_1_4_top has unconnected port s_axi_awaddr[6]
WARNING: [Synth 8-3331] design axi_vip_v1_1_4_top has unconnected port s_axi_awaddr[5]
WARNING: [Synth 8-3331] design axi_vip_v1_1_4_top has unconnected port s_axi_awaddr[4]
WARNING: [Synth 8-3331] design axi_vip_v1_1_4_top has unconnected port s_axi_awaddr[3]
WARNING: [Synth 8-3331] design axi_vip_v1_1_4_top has unconnected port s_axi_awaddr[2]
WARNING: [Synth 8-3331] design axi_vip_v1_1_4_top has unconnected port s_axi_awaddr[1]
WARNING: [Synth 8-3331] design axi_vip_v1_1_4_top has unconnected port s_axi_awaddr[0]
WARNING: [Synth 8-3331] design axi_vip_v1_1_4_top has unconnected port s_axi_awlen[7]
WARNING: [Synth 8-3331] design axi_vip_v1_1_4_top has unconnected port s_axi_awlen[6]
WARNING: [Synth 8-3331] design axi_vip_v1_1_4_top has unconnected port s_axi_awlen[5]
WARNING: [Synth 8-3331] design axi_vip_v1_1_4_top has unconnected port s_axi_awlen[4]
WARNING: [Synth 8-3331] design axi_vip_v1_1_4_top has unconnected port s_axi_awlen[3]
WARNING: [Synth 8-3331] design axi_vip_v1_1_4_top has unconnected port s_axi_awlen[2]
WARNING: [Synth 8-3331] design axi_vip_v1_1_4_top has unconnected port s_axi_awlen[1]
WARNING: [Synth 8-3331] design axi_vip_v1_1_4_top has unconnected port s_axi_awlen[0]
WARNING: [Synth 8-3331] design axi_vip_v1_1_4_top has unconnected port s_axi_awsize[2]
WARNING: [Synth 8-3331] design axi_vip_v1_1_4_top has unconnected port s_axi_awsize[1]
WARNING: [Synth 8-3331] design axi_vip_v1_1_4_top has unconnected port s_axi_awsize[0]
WARNING: [Synth 8-3331] design axi_vip_v1_1_4_top has unconnected port s_axi_awburst[1]
WARNING: [Synth 8-3331] design axi_vip_v1_1_4_top has unconnected port s_axi_awburst[0]
WARNING: [Synth 8-3331] design axi_vip_v1_1_4_top has unconnected port s_axi_awlock[0]
WARNING: [Synth 8-3331] design axi_vip_v1_1_4_top has unconnected port s_axi_awcache[3]
WARNING: [Synth 8-3331] design axi_vip_v1_1_4_top has unconnected port s_axi_awcache[2]
WARNING: [Synth 8-3331] design axi_vip_v1_1_4_top has unconnected port s_axi_awcache[1]
WARNING: [Synth 8-3331] design axi_vip_v1_1_4_top has unconnected port s_axi_awcache[0]
WARNING: [Synth 8-3331] design axi_vip_v1_1_4_top has unconnected port s_axi_awprot[2]
WARNING: [Synth 8-3331] design axi_vip_v1_1_4_top has unconnected port s_axi_awprot[1]
WARNING: [Synth 8-3331] design axi_vip_v1_1_4_top has unconnected port s_axi_awprot[0]
WARNING: [Synth 8-3331] design axi_vip_v1_1_4_top has unconnected port s_axi_awregion[3]
WARNING: [Synth 8-3331] design axi_vip_v1_1_4_top has unconnected port s_axi_awregion[2]
WARNING: [Synth 8-3331] design axi_vip_v1_1_4_top has unconnected port s_axi_awregion[1]
WARNING: [Synth 8-3331] design axi_vip_v1_1_4_top has unconnected port s_axi_awregion[0]
WARNING: [Synth 8-3331] design axi_vip_v1_1_4_top has unconnected port s_axi_awqos[3]
WARNING: [Synth 8-3331] design axi_vip_v1_1_4_top has unconnected port s_axi_awqos[2]
WARNING: [Synth 8-3331] design axi_vip_v1_1_4_top has unconnected port s_axi_awqos[1]
WARNING: [Synth 8-3331] design axi_vip_v1_1_4_top has unconnected port s_axi_awqos[0]
WARNING: [Synth 8-3331] design axi_vip_v1_1_4_top has unconnected port s_axi_awuser[0]
WARNING: [Synth 8-3331] design axi_vip_v1_1_4_top has unconnected port s_axi_awvalid
WARNING: [Synth 8-3331] design axi_vip_v1_1_4_top has unconnected port s_axi_wid[0]
WARNING: [Synth 8-3331] design axi_vip_v1_1_4_top has unconnected port s_axi_wdata[31]
WARNING: [Synth 8-3331] design axi_vip_v1_1_4_top has unconnected port s_axi_wdata[30]
WARNING: [Synth 8-3331] design axi_vip_v1_1_4_top has unconnected port s_axi_wdata[29]
WARNING: [Synth 8-3331] design axi_vip_v1_1_4_top has unconnected port s_axi_wdata[28]
WARNING: [Synth 8-3331] design axi_vip_v1_1_4_top has unconnected port s_axi_wdata[27]
WARNING: [Synth 8-3331] design axi_vip_v1_1_4_top has unconnected port s_axi_wdata[26]
WARNING: [Synth 8-3331] design axi_vip_v1_1_4_top has unconnected port s_axi_wdata[25]
WARNING: [Synth 8-3331] design axi_vip_v1_1_4_top has unconnected port s_axi_wdata[24]
WARNING: [Synth 8-3331] design axi_vip_v1_1_4_top has unconnected port s_axi_wdata[23]
WARNING: [Synth 8-3331] design axi_vip_v1_1_4_top has unconnected port s_axi_wdata[22]
WARNING: [Synth 8-3331] design axi_vip_v1_1_4_top has unconnected port s_axi_wdata[21]
WARNING: [Synth 8-3331] design axi_vip_v1_1_4_top has unconnected port s_axi_wdata[20]
WARNING: [Synth 8-3331] design axi_vip_v1_1_4_top has unconnected port s_axi_wdata[19]
WARNING: [Synth 8-3331] design axi_vip_v1_1_4_top has unconnected port s_axi_wdata[18]
WARNING: [Synth 8-3331] design axi_vip_v1_1_4_top has unconnected port s_axi_wdata[17]
WARNING: [Synth 8-3331] design axi_vip_v1_1_4_top has unconnected port s_axi_wdata[16]
WARNING: [Synth 8-3331] design axi_vip_v1_1_4_top has unconnected port s_axi_wdata[15]
WARNING: [Synth 8-3331] design axi_vip_v1_1_4_top has unconnected port s_axi_wdata[14]
WARNING: [Synth 8-3331] design axi_vip_v1_1_4_top has unconnected port s_axi_wdata[13]
WARNING: [Synth 8-3331] design axi_vip_v1_1_4_top has unconnected port s_axi_wdata[12]
WARNING: [Synth 8-3331] design axi_vip_v1_1_4_top has unconnected port s_axi_wdata[11]
WARNING: [Synth 8-3331] design axi_vip_v1_1_4_top has unconnected port s_axi_wdata[10]
WARNING: [Synth 8-3331] design axi_vip_v1_1_4_top has unconnected port s_axi_wdata[9]
WARNING: [Synth 8-3331] design axi_vip_v1_1_4_top has unconnected port s_axi_wdata[8]
WARNING: [Synth 8-3331] design axi_vip_v1_1_4_top has unconnected port s_axi_wdata[7]
WARNING: [Synth 8-3331] design axi_vip_v1_1_4_top has unconnected port s_axi_wdata[6]
WARNING: [Synth 8-3331] design axi_vip_v1_1_4_top has unconnected port s_axi_wdata[5]
WARNING: [Synth 8-3331] design axi_vip_v1_1_4_top has unconnected port s_axi_wdata[4]
WARNING: [Synth 8-3331] design axi_vip_v1_1_4_top has unconnected port s_axi_wdata[3]
WARNING: [Synth 8-3331] design axi_vip_v1_1_4_top has unconnected port s_axi_wdata[2]
WARNING: [Synth 8-3331] design axi_vip_v1_1_4_top has unconnected port s_axi_wdata[1]
WARNING: [Synth 8-3331] design axi_vip_v1_1_4_top has unconnected port s_axi_wdata[0]
INFO: [Common 17-14] Message 'Synth 8-3331' appears 100 times and further instances of the messages will be disabled. Use the Tcl command set_msg_config to change the current settings.
---------------------------------------------------------------------------------
Finished RTL Elaboration : Time (s): cpu = 00:00:03 ; elapsed = 00:00:06 . Memory (MB): peak = 551.500 ; gain = 156.809
---------------------------------------------------------------------------------

Report Check Netlist: 
+------+------------------+-------+---------+-------+------------------+
|      |Item              |Errors |Warnings |Status |Description       |
+------+------------------+-------+---------+-------+------------------+
|1     |multi_driven_nets |      0|        0|Passed |Multi driven nets |
+------+------------------+-------+---------+-------+------------------+
---------------------------------------------------------------------------------
Start Handling Custom Attributes
---------------------------------------------------------------------------------
---------------------------------------------------------------------------------
Finished Handling Custom Attributes : Time (s): cpu = 00:00:03 ; elapsed = 00:00:07 . Memory (MB): peak = 551.500 ; gain = 156.809
---------------------------------------------------------------------------------
---------------------------------------------------------------------------------
Finished RTL Optimization Phase 1 : Time (s): cpu = 00:00:03 ; elapsed = 00:00:07 . Memory (MB): peak = 551.500 ; gain = 156.809
---------------------------------------------------------------------------------
INFO: [Device 21-403] Loading part xc7a100tcsg324-1
INFO: [Project 1-570] Preparing netlist for logic optimization

Processing XDC Constraints
Initializing timing engine
WARNING: [Designutils 20-1758] instance inst wraps a black box. Constraint reading is skipped for elaborated designs in this case. Skipping constraint file 'c:/Users/Administrator/Desktop/532proj1/part3/proj/proj_p3.srcs/sources_1/bd/design_1/ip/design_1_axi_vip_1_0/design_1_axi_vip_1_0_ooc.xdc'.
Parsing XDC File [C:/Users/Administrator/Desktop/532proj1/part3/proj/proj_p3.runs/design_1_axi_vip_1_0_synth_1/dont_touch.xdc]
Finished Parsing XDC File [C:/Users/Administrator/Desktop/532proj1/part3/proj/proj_p3.runs/design_1_axi_vip_1_0_synth_1/dont_touch.xdc]
Completed Processing XDC Constraints

Netlist sorting complete. Time (s): cpu = 00:00:00 ; elapsed = 00:00:00.001 . Memory (MB): peak = 794.453 ; gain = 0.000
INFO: [Project 1-111] Unisim Transformation Summary:
No Unisim elements were transformed.

Netlist sorting complete. Time (s): cpu = 00:00:00 ; elapsed = 00:00:00 . Memory (MB): peak = 794.453 ; gain = 0.000
Constraint Validation Runtime : Time (s): cpu = 00:00:00 ; elapsed = 00:00:00.186 . Memory (MB): peak = 794.590 ; gain = 0.137
---------------------------------------------------------------------------------
Finished Constraint Validation : Time (s): cpu = 00:00:10 ; elapsed = 00:00:34 . Memory (MB): peak = 794.590 ; gain = 399.898
---------------------------------------------------------------------------------
---------------------------------------------------------------------------------
Start Loading Part and Timing Information
---------------------------------------------------------------------------------
Loading part: xc7a100tcsg324-1
---------------------------------------------------------------------------------
Finished Loading Part and Timing Information : Time (s): cpu = 00:00:10 ; elapsed = 00:00:34 . Memory (MB): peak = 794.590 ; gain = 399.898
---------------------------------------------------------------------------------
---------------------------------------------------------------------------------
Start Applying 'set_property' XDC Constraints
---------------------------------------------------------------------------------
Applied set_property DONT_TOUCH = true for inst. (constraint file  C:/Users/Administrator/Desktop/532proj1/part3/proj/proj_p3.runs/design_1_axi_vip_1_0_synth_1/dont_touch.xdc, line 9).
---------------------------------------------------------------------------------
Finished applying 'set_property' XDC Constraints : Time (s): cpu = 00:00:10 ; elapsed = 00:00:34 . Memory (MB): peak = 794.590 ; gain = 399.898
---------------------------------------------------------------------------------
---------------------------------------------------------------------------------
Finished RTL Optimization Phase 2 : Time (s): cpu = 00:00:10 ; elapsed = 00:00:34 . Memory (MB): peak = 794.590 ; gain = 399.898
---------------------------------------------------------------------------------

Report RTL Partitions: 
+-+--------------+------------+----------+
| |RTL Partition |Replication |Instances |
+-+--------------+------------+----------+
+-+--------------+------------+----------+
---------------------------------------------------------------------------------
Start RTL Component Statistics 
---------------------------------------------------------------------------------
Detailed RTL Component Info : 
---------------------------------------------------------------------------------
Finished RTL Component Statistics 
---------------------------------------------------------------------------------
---------------------------------------------------------------------------------
Start RTL Hierarchical Component Statistics 
---------------------------------------------------------------------------------
Hierarchical RTL Component report 
---------------------------------------------------------------------------------
Finished RTL Hierarchical Component Statistics
---------------------------------------------------------------------------------
---------------------------------------------------------------------------------
Start Part Resource Summary
---------------------------------------------------------------------------------
Part Resources:
DSPs: 240 (col length:80)
BRAMs: 270 (col length: RAMB18 80 RAMB36 40)
---------------------------------------------------------------------------------
Finished Part Resource Summary
---------------------------------------------------------------------------------
---------------------------------------------------------------------------------
Start Cross Boundary and Area Optimization
---------------------------------------------------------------------------------
Warning: Parallel synthesis criteria is not met 
---------------------------------------------------------------------------------
Finished Cross Boundary and Area Optimization : Time (s): cpu = 00:00:11 ; elapsed = 00:00:35 . Memory (MB): peak = 794.590 ; gain = 399.898
---------------------------------------------------------------------------------

Report RTL Partitions: 
+-+--------------+------------+----------+
| |RTL Partition |Replication |Instances |
+-+--------------+------------+----------+
+-+--------------+------------+----------+
---------------------------------------------------------------------------------
Start Applying XDC Timing Constraints
---------------------------------------------------------------------------------
---------------------------------------------------------------------------------
Finished Applying XDC Timing Constraints : Time (s): cpu = 00:00:19 ; elapsed = 00:00:44 . Memory (MB): peak = 860.676 ; gain = 465.984
---------------------------------------------------------------------------------
---------------------------------------------------------------------------------
Start Timing Optimization
---------------------------------------------------------------------------------
---------------------------------------------------------------------------------
Finished Timing Optimization : Time (s): cpu = 00:00:19 ; elapsed = 00:00:44 . Memory (MB): peak = 860.676 ; gain = 465.984
---------------------------------------------------------------------------------

Report RTL Partitions: 
+-+--------------+------------+----------+
| |RTL Partition |Replication |Instances |
+-+--------------+------------+----------+
+-+--------------+------------+----------+
---------------------------------------------------------------------------------
Start Technology Mapping
---------------------------------------------------------------------------------
---------------------------------------------------------------------------------
Finished Technology Mapping : Time (s): cpu = 00:00:19 ; elapsed = 00:00:44 . Memory (MB): peak = 870.574 ; gain = 475.883
---------------------------------------------------------------------------------

Report RTL Partitions: 
+-+--------------+------------+----------+
| |RTL Partition |Replication |Instances |
+-+--------------+------------+----------+
+-+--------------+------------+----------+
---------------------------------------------------------------------------------
Start IO Insertion
---------------------------------------------------------------------------------
---------------------------------------------------------------------------------
Start Flattening Before IO Insertion
---------------------------------------------------------------------------------
---------------------------------------------------------------------------------
Finished Flattening Before IO Insertion
---------------------------------------------------------------------------------
---------------------------------------------------------------------------------
Start Final Netlist Cleanup
---------------------------------------------------------------------------------
---------------------------------------------------------------------------------
Finished Final Netlist Cleanup
---------------------------------------------------------------------------------
---------------------------------------------------------------------------------
Finished IO Insertion : Time (s): cpu = 00:00:21 ; elapsed = 00:00:46 . Memory (MB): peak = 870.574 ; gain = 475.883
---------------------------------------------------------------------------------

Report Check Netlist: 
+------+------------------+-------+---------+-------+------------------+
|      |Item              |Errors |Warnings |Status |Description       |
+------+------------------+-------+---------+-------+------------------+
|1     |multi_driven_nets |      0|        0|Passed |Multi driven nets |
+------+------------------+-------+---------+-------+------------------+
---------------------------------------------------------------------------------
Start Renaming Generated Instances
---------------------------------------------------------------------------------
---------------------------------------------------------------------------------
Finished Renaming Generated Instances : Time (s): cpu = 00:00:21 ; elapsed = 00:00:46 . Memory (MB): peak = 870.574 ; gain = 475.883
---------------------------------------------------------------------------------

Report RTL Partitions: 
+-+--------------+------------+----------+
| |RTL Partition |Replication |Instances |
+-+--------------+------------+----------+
+-+--------------+------------+----------+
---------------------------------------------------------------------------------
Start Rebuilding User Hierarchy
---------------------------------------------------------------------------------
---------------------------------------------------------------------------------
Finished Rebuilding User Hierarchy : Time (s): cpu = 00:00:21 ; elapsed = 00:00:46 . Memory (MB): peak = 870.574 ; gain = 475.883
---------------------------------------------------------------------------------
---------------------------------------------------------------------------------
Start Renaming Generated Ports
---------------------------------------------------------------------------------
---------------------------------------------------------------------------------
Finished Renaming Generated Ports : Time (s): cpu = 00:00:21 ; elapsed = 00:00:46 . Memory (MB): peak = 870.574 ; gain = 475.883
---------------------------------------------------------------------------------
---------------------------------------------------------------------------------
Start Handling Custom Attributes
---------------------------------------------------------------------------------
---------------------------------------------------------------------------------
Finished Handling Custom Attributes : Time (s): cpu = 00:00:21 ; elapsed = 00:00:46 . Memory (MB): peak = 870.574 ; gain = 475.883
---------------------------------------------------------------------------------
---------------------------------------------------------------------------------
Start Renaming Generated Nets
---------------------------------------------------------------------------------
---------------------------------------------------------------------------------
Finished Renaming Generated Nets : Time (s): cpu = 00:00:21 ; elapsed = 00:00:46 . Memory (MB): peak = 870.574 ; gain = 475.883
---------------------------------------------------------------------------------
---------------------------------------------------------------------------------
Start Writing Synthesis Report
---------------------------------------------------------------------------------

Report BlackBoxes: 
+-+--------------+----------+
| |BlackBox name |Instances |
+-+--------------+----------+
+-+--------------+----------+

Report Cell Usage: 
+-+-----+------+
| |Cell |Count |
+-+-----+------+
+-+-----+------+

Report Instance Areas: 
+------+---------+-------------------+------+
|      |Instance |Module             |Cells |
+------+---------+-------------------+------+
|1     |top      |                   |     0|
|2     |  inst   |axi_vip_v1_1_4_top |     0|
+------+---------+-------------------+------+
---------------------------------------------------------------------------------
Finished Writing Synthesis Report : Time (s): cpu = 00:00:21 ; elapsed = 00:00:46 . Memory (MB): peak = 870.574 ; gain = 475.883
---------------------------------------------------------------------------------
Synthesis finished with 0 errors, 0 critical warnings and 219 warnings.
Synthesis Optimization Runtime : Time (s): cpu = 00:00:13 ; elapsed = 00:00:21 . Memory (MB): peak = 870.574 ; gain = 232.793
Synthesis Optimization Complete : Time (s): cpu = 00:00:21 ; elapsed = 00:00:46 . Memory (MB): peak = 870.574 ; gain = 475.883
INFO: [Project 1-571] Translating synthesized netlist
INFO: [Project 1-570] Preparing netlist for logic optimization
INFO: [Opt 31-138] Pushed 0 inverter(s) to 0 load pin(s).
Netlist sorting complete. Time (s): cpu = 00:00:00 ; elapsed = 00:00:00 . Memory (MB): peak = 883.086 ; gain = 0.000
INFO: [Project 1-111] Unisim Transformation Summary:
No Unisim elements were transformed.

INFO: [Common 17-83] Releasing license: Synthesis
17 Infos, 102 Warnings, 0 Critical Warnings and 0 Errors encountered.
synth_design completed successfully
synth_design: Time (s): cpu = 00:00:23 ; elapsed = 00:00:48 . Memory (MB): peak = 887.418 ; gain = 504.230
Netlist sorting complete. Time (s): cpu = 00:00:00 ; elapsed = 00:00:00 . Memory (MB): peak = 887.418 ; gain = 0.000
WARNING: [Constraints 18-5210] No constraints selected for write.
Resolution: This message can indicate that there are no constraints for the design, or it can indicate that the used_in flags are set such that the constraints are ignored. This later case is used when running synth_design to not write synthesis constraints to the resulting checkpoint. Instead, project constraints are read when the synthesized design is opened.
INFO: [Common 17-1381] The checkpoint 'C:/Users/Administrator/Desktop/532proj1/part3/proj/proj_p3.runs/design_1_axi_vip_1_0_synth_1/design_1_axi_vip_1_0.dcp' has been generated.
INFO: [Coretcl 2-1648] Added synthesis output to IP cache for IP design_1_axi_vip_1_0, cache-ID = 19577ce0021a0a5f
Netlist sorting complete. Time (s): cpu = 00:00:00 ; elapsed = 00:00:00 . Memory (MB): peak = 887.418 ; gain = 0.000
WARNING: [Constraints 18-5210] No constraints selected for write.
Resolution: This message can indicate that there are no constraints for the design, or it can indicate that the used_in flags are set such that the constraints are ignored. This later case is used when running synth_design to not write synthesis constraints to the resulting checkpoint. Instead, project constraints are read when the synthesized design is opened.
INFO: [Common 17-1381] The checkpoint 'C:/Users/Administrator/Desktop/532proj1/part3/proj/proj_p3.runs/design_1_axi_vip_1_0_synth_1/design_1_axi_vip_1_0.dcp' has been generated.
INFO: [runtcl-4] Executing : report_utilization -file design_1_axi_vip_1_0_utilization_synth.rpt -pb design_1_axi_vip_1_0_utilization_synth.pb
INFO: [Common 17-206] Exiting Vivado at Thu Feb 13 11:44:52 2025...
